{
  "__obj_name__": "ConsoleOutput", 
  "parent": [], 
  "timestamp": "2012-09-19T19:53:44.674Z", 
  "instance_id": "i-D8B93E6A", 
  "GetConsoleOutputResponse": "", 
  "output": "\u001b[1;256r\u001b[256;256H\u001b[6n\r\nGoogle, Inc.\r\nSerial Graphics Adapter 12/07/11\r\nSGABIOS $Id: sgabios.S 8 2010-04-22 00:03:40Z nlaredo $ (mockbuild@c6b18n1.dev.centos.org) Wed
Dec  7 17:04:47 UTC 2011\r\nTerm: 80x24\r\n4 0\r\n\u001b[2J\rSeaBIOS (version seabios-0.6.1.2-19.el6)\r\r\n\r\r\n\r\n\r\r\n\r\rgPXE (http://etherboot.org) - 00:03.0 C100 PCI2.10 PnP BBS PMM07E0@10 C100\n\r\rPress Ctrl-B to configure gPXE (PCI 00:03.0)...\r\r                                                                               \r\r\n\r\r\n\r\u001b[2J[    0.000000] BIOS EBDA/lowmem at: 0009d800/0009d800\r\n[    0.000000] Initializing cgroup subsys cpuset\r\n[    0.000000] Initializing cgroup subsys cpu\r\n[    0.000000] Linux version 2.6.28-11-generic (buildd@crested) (gcc version 4.3.3 (Ubuntu 4.3.3-5ubuntu4) ) #42-Ubuntu SMP Fri Apr 17 01:58:03 UTC 2009 (Ubuntu 2.6.28-11.42-generic)\r\n[    0.000000] Command line: root=/dev/vda1 console=ttyS0\r\n[    0.000000] KERNEL supported cpus:\r\n[    0.000000]   Intel GenuineIntel\r\n[    0.000000]   AMD AuthenticAMD\r\n[    0.000000]   Centaur CentaurHauls\r\n[    0.000000] BIOS-provided physical RAM map:\r\n[    0.000000]  BIOS-e820: 0000000000000000 - 000000000009d800 (usable)\r\n[    0.000000]  BIOS-e820: 000000000009d800 - 00000000000a0000 (reserved)\r\n[    0.000000]  BIOS-e820: 00000000000f0000 - 0000000000100000 (reserved)\r\n[    0.000000]  BIOS-e820: 0000000000100000 - 0000000007ffd000 (usable)\r\n[    0.000000]  BIOS-e820: 0000000007ffd000 - 0000000008000000 (reserved)\r\n[    0.000000]  BIOS-e820: 00000000fffbc000 - 0000000100000000 (reserved)\r\n[    0.000000] DMI 2.4 present.\r\n[    0.000000] last_pfn = 0x7ffd max_arch_pfn = 0x3ffffffff\r\n[    0.000000] Scanning 2 areas for low memory corruption\r\n[    0.000000] modified physical RAM map:\r\n[    0.000000]  modified: 0000000000000000 - 0000000000001000 (usable)\r\n[    0.000000]  modified: 0000000000001000 - 0000000000006000 (reserved)\r\n[    0.000000]  modified: 0000000000006000 - 0000000000008000 (usable)\r\n[    0.000000]  modified: 0000000000008000 - 0000000000010000 (reserved)\r\n[    0.000000]  modified: 0000000000010000 - 0000000000090800 (usable)\r\n[    0.000000]  modified: 000000000009d800 - 00000000000a0000 (reserved)\r\n[    0.000000]  modified: 00000000000f0000 - 0000000000100000 (reserved)\r\n[    0.000000]  modified: 0000000000100000 - 0000000007ffd000 (usable)\r\n[    0.000000]  modified: 0000000007ffd000 - 0000000008000000 (reserved)\r\n[    0.000000]  modified: 00000000fffbc000 - 0000000100000000 (reserved)\r\n[    0.000000] init_memory_mapping: 0000000000000000-0000000007ffd000\r\n[    0.000000] last_map_addr: 7ffd000 end: 7ffd000\r\n[    0.000000] RAMDISK: 077a9000 - 07feffec\r\n[    0.000000] ACPI: RSDP 000FDA00, 0014 (r0 BOCHS )\r\n[    0.000000] ACPI: RSDT 07FFD6A0, 0030 (r1 BOCHS  BXPCRSDT        1 BXPC        1)\r\n[    0.000000] ACPI: FACP 07FFFE20, 0074 (r1 BOCHS  BXPCFACP        1 BXPC        1)\r\n[    0.000000] ACPI: DSDT 07FFD8C0, 24FD (r1   BXPC   BXDSDT        1 INTL 20090123)\r\n[    0.000000] ACPI: FACS 07FFFDC0, 0040\r\n[    0.000000] ACPI: SSDT 07FFD7C0, 00FF (r1 BOCHS  BXPCSSDT        1 BXPC        1)\r\n[    0.000000] ACPI: APIC 07FFD6D0, 0080 (r1 BOCHS  BXPCAPIC        1 BXPC        1)\r\n[    0.000000] (6 early reservations) ==> bootmem [0000000000 - 0007ffd000]\r\n[    0.000000]   #0 [0000000000 - 0000001000]   BIOS data page ==> [0000000000 - 0000001000]\r\n[    0.000000]   #1 [0000006000 - 0000008000]       TRAMPOLINE ==> [0000006000 - 0000008000]\r\n[    0.000000]   #2 [0000200000 - 0000b854b0]    TEXT DATA BSS ==> [0000200000 - 0000b854b0]\r\n[    0.000000]   #3 [00077a9000 - 0007feffec]          RAMDISK ==> [00077a9000 - 0007feffec]\r\n[    0.000000]   #4 [000009d800 - 0000100000]    BIOS reserved ==> [000009d800 - 0000100000]\r\n[    0.000000]   #5 [0000010000 - 0000011000]          PGTABLE ==> [0000010000 - 0000011000]\r\n[    0.000000] found SMP MP-table at [ffff8800000fda50] 000fda50\r\n[    0.000000] kvm-clock: cpu 0, msr 0:a6d881, boot clock\r\n[    0.000000] Zone PFN ranges:\r\n[    0.000000]   DMA      0x00000000 -> 0x00001000\r\n[    0.000000]   DMA32    0x00001000 -> 0x00100000\r\n[    0.000000]   Normal   0x00100000 -> 0x00100000\r\n[    0.000000] Movable zone start PFN for each node\r\n[    0.000000] early_node_map[4] active PFN ranges\r\n[    0.000000]     0: 0x00000000 -> 0x00000001\r\n[    0.000000]     0: 0x00000006 -> 0x00000008\r\n[    0.000000]     0: 0x00000010 -> 0x00000090\r\n[    0.000000]     0: 0x00000100 -> 0x00007ffd\r\n[    0.000000] ACPI: PM-Timer IO Port: 0xb008\r\n[    0.000000] ACPI: LAPIC (acpi_id[0x00] lapic_id[0x00] enabled)\r\n[    0.000000] ACPI: LAPIC (acpi_id[0x01] lapic_id[0x01] enabled)\r\n[    0.000000] ACPI: LAPIC_NMI (acpi_id[0xff] dfl dfl lint[0x1])\r\n[    0.000000] ACPI: IOAPIC (id[0x02] address[0xfec00000] gsi_base[0])\r\n[    0.000000] IOAPIC[0]: apic_id 2, version 0, address 0xfec00000, GSI 0-23\r\n[    0.000000] ACPI: INT_SRC_OVR (bus 0 bus_irq 0 global_irq 2 dfl dfl)\r\n[    0.000000] ACPI: INT_SRC_OVR (bus 0 bus_irq 5 global_irq 5 high level)\r\n[    0.000000] ACPI: INT_SRC_OVR (bus 0 bus_irq 9 global_irq 9 high level)\r\n[    0.000000] ACPI: INT_SRC_OVR (bus 0 bus_irq 10 global_irq 10 high level)\r\n[    0.000000] ACPI: INT_SRC_OVR (bus 0 bus_irq 11 global_irq 11 high level)\r\n[    0.000000] Using ACPI (MADT) for SMP configuration information\r\n[    0.000000] SMP: Allowing 2 CPUs, 0 hotplug CPUs\r\n[    0.000000] PM: Registered nosave memory: 0000000000001000 - 0000000000006000\r\n[    0.000000] PM: Registered nosave memory: 0000000000008000 - 0000000000010000\r\n[    0.000000] PM: Registered nosave memory: 0000000000090000 - 000000000009e000\r\n[    0.000000] PM: Registered nosave memory: 000000000009e000 - 00000000000a0000\r\n[    0.000000] PM: Registered nosave memory: 00000000000a0000 - 00000000000f0000\r\n[    0.000000] PM: Registered nosave memory: 00000000000f0000 - 0000000000100000\r\n[    0.000000] Allocating PCI resources starting at 10000000 (gap: 8000000:f7fbc000)\r\n[    0.000000] PERCPU: Allocating 69632 bytes of per cpu data\r\n[    0.000000] kvm-clock: cpu 0, msr 0:1011881, primary cpu clock\r\n[    0.000000] Built 1 zonelists in Zone order, mobility grouping on.  Total pages: 29651\r\n[    0.000000] Kernel command line: root=/dev/vda1 console=ttyS0\r\n[    0.000000] Initializing CPU#0\r\n[    0.000000] PID hash table entries: 512 (order: 9, 4096 bytes)\r\n[    0.000000] Detected 9575.936 MHz processor.\r\n[    0.004000] Console: colour dummy device 80x25\r\n[    0.004000] console [ttyS0] enabled\r\n[    0.004000] Dentry cache hash table entries: 16384 (order: 5, 131072 bytes)\r\n[    0.004000] Inode-cache hash table entries: 8192 (order: 4, 65536 bytes)\r\n[    0.004000] allocated 1310720 bytes of page_cgroup\r\n[    0.004000] please try cgroup_disable=memory option if you don't want\r\n[    0.004000] Scanning for low memory corruption every 60 seconds\r\n[    0.004000] Checking aperture...\r\n[    0.004000] No AGP bridge found\r\n[    0.004000] Memory: 108464k/131060k available (4760k kernel code, 500k absent, 21956k reserved, 2540k data, 536k init)\r\n[    0.004000] SLUB: Genslabs=12, HWalign=64, Order=0-3, MinObjects=0, CPUs=2, Nodes=1\r\n[    0.004006] Calibrating delay loop (skipped) preset value.. 4787.96 BogoMIPS (lpj=9575936)\r\n[    0.004922] Security Framework initialized\r\n[    0.005379] SELinux:  Disabled at boot.\r\n[    0.005807] AppArmor: AppArmor initialized\r\n[    0.006256] Mount-cache hash table entries: 256\r\n[    0.007063] Initializing cgroup subsys ns\r\n[    0.007521] Initializing cgroup subsys cpuacct\r\n[    0.008000] Initializing cgroup subsys memory\r\n[    0.008006] Initializing cgroup subsys freezer\r\n[    0.008525] CPU: L1 I cache: 32K, L1 D cache: 32K\r\n[    0.009059] CPU: L2 cache: 4096K\r\n[    0.012018] ACPI: Core revision 20080926\r\n[    0.016031] ACPI: Checking initramfs for custom DSDT\r\n[    0.321234] Setting APIC routing to flat\r\n[    0.322972] ..TIMER: vector=0x30 apic1=0 pin1=2 apic2=-1 pin2=-1\r\n[    0.363398] CPU0: Intel QEMU Virtual CPU version (cpu64-rhel6) stepping 03\r\n[    0.368001] Booting processor 1 APIC 0x1 ip 0x6000\r\n[    0.004000] Initializing CPU#1\r\n[    0.004000] Calibrating delay loop (skipped) preset value.. 4787.96 BogoMIPS (lpj=9575936)\r\n[    0.004000] CPU: L1 I cache: 32K, L1 D cache: 32K\r\n[    0.004000] CPU: L2 cache: 4096K\r\n[    0.376253] CPU1: Intel QEMU Virtual CPU version (cpu64-rhel6) stepping 03\r\n[    0.379425] checking TSC synchronization [CPU#0 -> CPU#1]: passed.\r\n[    0.384032] kvm-clock: cpu 1, msr 0:1022881, secondary cpu clock\r\n[    0.384044] Brought up 2 CPUs\r\n[    0.384046] Total of 2 processors activated (9575.93 BogoMIPS).\r\n[    0.384422] net_namespace: 1400 bytes\r\n[    0.384424] Booting paravirtualized kernel on KVM\r\n[    0.384694] Time: 14:03:23  Date: 09/18/12\r\n[    0.384698] regulator: core version 0.5\r\n[    0.384717] NET: Registered protocol family 16\r\n[    0.384789] ACPI: bus type pci registered\r\n[    0.384931] PCI: Using configuration type 1 for base access\r\n[    0.389841] ACPI: Interpreter enabled\r\n[    0.390294] ACPI: (supports S0 S5)\r\n[    0.390737] ACPI: Using IOAPIC for interrupt routing\r\n[    0.393856] ACPI: No dock devices found.\r\n[    0.394348] ACPI: PCI Root Bridge [PCI0] (0000:00)\r\n[    0.395940] pci 0000:00:01.3: quirk: region b000-b03f claimed by PIIX4 ACPI\r\n[    0.396010] pci 0000:00:01.3: quirk: region b100-b10f claimed by PIIX4 SMB\r\n[    0.401909] ACPI: PCI Interrupt Link [LNKA] (IRQs 5 *10 11)\r\n[    0.402736] ACPI: PCI Interrupt Link [LNKB] (IRQs 5 *10 11)\r\n[    0.403557] ACPI: PCI Interrupt Link [LNKC] (IRQs 5 10 *11)\r\n[    0.404284] ACPI: PCI Interrupt Link [LNKD] (IRQs 5 10 *11)\r\n[    0.405104] ACPI: PCI Interrupt Link [LNKS] (IRQs 9) *0\r\n[    0.405856] ACPI: WMI: Mapper loaded\r\n[    0.406339] SCSI subsystem initialized\r\n[    0.406339] usbcore: registered new interface driver usbfs\r\n[    0.408017] usbcore: registered new interface driver hub\r\n[    0.408671] usbcore: registered new device driver usb\r\n[    0.408762] PCI: Using ACPI for IRQ routing\r\n[    0.420019] Bluetooth: Core ver 2.13\r\n[    0.420530] NET: Registered protocol family 31\r\n[    0.420660] Bluetooth: HCI device and connection manager initialized\r\n[    0.421409] Bluetooth: HCI socket layer initialized\r\n[    0.421991] NET: Registered protocol family 8\r\n[    0.422513] NET: Registered protocol family 20\r\n[    0.423044] NetLabel: Initializing\r\n[    0.424003] NetLabel:  domain hash size = 128\r\n[    0.424522] NetLabel:  protocols = UNLABELED CIPSOv4\r\n[    0.425126] NetLabel:  unlabeled traffic allowed by default\r\n[    0.425876] AppArmor: AppArmor Filesystem Enabled\r\n[    0.436110] pnp: PnP ACPI init\r\n[    0.436524] ACPI: bus type pnp registered\r\n[    0.437697] pnp: PnP ACPI: found 6 devices\r\n[    0.438201] ACPI: ACPI bus type pnp unregistered\r\n[    0.443377] bus: 00 index 0 io port: [0x00-0xffff]\r\n[    0.443950] bus: 00 index 1 mmio: [0x000000-0xffffffffffffffff]\r\n[    0.444677] NET: Registered protocol family 2\r\n[    0.480183] IP route cache hash table entries: 1024 (order: 1, 8192 bytes)\r\n[    0.481154] TCP established hash table entries: 4096 (order: 4, 65536 bytes)\r\n[    0.482000] TCP bind hash table entries: 4096 (order: 4, 65536 bytes)\r\n[    0.482780] TCP: Hash tables configured (established 4096 bind 4096)\r\n[    0.483537] TCP reno registered\r\n[    0.492218] NET: Registered protocol family 1\r\n[    0.492825] checking if image is initramfs... it is\r\n[    1.001092] Clocksource tsc unstable (delta = -375805941 ns)\r\n[    1.115352] Freeing initrd memory: 8475k freed\r\n[    1.117618] audit: initializing netlink socket (disabled)\r\n[    1.118319] type=2000 audit(1348002205.116:1): initialized\r\n[    1.126919] HugeTLB registered 2 MB page size, pre-allocated 0 pages\r\n[    1.128910] VFS: Disk quotas dquot_6.5.1\r\n[    1.129450] Dquot-cache hash table entries: 512 (order 0, 4096 bytes)\r\n[    1.131038] fuse init (API version 7.10)\r\n[    1.131606] msgmni has been set to 228\r\n[    1.132792] alg: No test for stdrng (krng)\r\n[    1.133401] io scheduler noop registered\r\n[    1.133934] io scheduler anticipatory registered\r\n[    1.134487] io scheduler deadline registered\r\n[    1.135021] io scheduler cfq registered (default)\r\n[    1.135589] pci 0000:00:00.0: Limiting direct PCI/PCI transfers\r\n[    1.136301] pci 0000:00:01.0: PIIX3: Enabling Passive Release\r\n[    1.136983] pci 0000:00:01.0: Activating ISA DMA hang workarounds\r\n[    1.138602] pci_hotplug: PCI Hot Plug PCI Core version: 0.5\r\n[    1.139290] pciehp: PCI Express Hot Plug Controller Driver version: 0.4\r\n[    1.140166] input: Power Button (FF) as /devices/LNXSYSTM:00/LNXPWRBN:00/input/input0\r\n[    1.141102] ACPI: Power Button (FF) [PWRF]\r\n[    1.142110] processor ACPI_CPU:00: registered as cooling_device0\r\n[    1.142917] processor ACPI_CPU:01: registered as cooling_device1\r\n[    1.157222] Linux agpgart interface v0.103\r\n[    1.157725] Serial: 8250/16550 driver4 ports, IRQ sharing enabled\r\n[    1.158623] serial8250: ttyS0 at I/O 0x3f8 (irq = 4) is a 16550A\r\n[    1.159648] 00:05: ttyS0 at I/O 0x3f8 (irq = 4) is a 16550A\r\n[    1.160705] brd: module loaded\r\n[    1.161293] loop: module loaded\r\n[    1.161718] Fixed MDIO Bus: probed\r\n[    1.162140] PPP generic driver version 2.4.2\r\n[    1.162682] input: Macintosh mouse button emulation as /devices/virtual/input/input1\r\n[    1.163617] Driver 'sd' needs updating - please use bus_type methods\r\n[    1.164380] Driver 'sr' needs updating - please use bus_type methods\r\n[    1.165620] scsi0 : ata_piix\r\n[    1.166285] scsi1 : ata_piix\r\n[    1.166722] ata1: PATA max MWDMA2 cmd 0x1f0 ctl 0x3f6 bmdma 0xc000 irq 14\r\n[    1.167531] ata2: PATA max MWDMA2 cmd 0x170 ctl 0x376 bmdma 0xc008 irq 15\r\n[    1.480708] ehci_hcd: USB 2.0 'Enhanced' Host Controller (EHCI) Driver\r\n[    1.481559] ohci_hcd: USB 1.1 'Open' Host Controller (OHCI) Driver\r\n[    1.482314] uhci_hcd: USB Universal Host Controller Interface driver\r\n[    1.483246] ACPI: PCI Interrupt Link [LNKD] enabled at IRQ 11\r\n[    1.483950] uhci_hcd 0000:00:01.2: PCI INT D -> Link[LNKD] -> GSI 11 (level, high) -> IRQ 11\r\n[    1.484966] uhci_hcd 0000:00:01.2: UHCI Host Controller\r\n[    1.485646] uhci_hcd 0000:00:01.2: new USB bus registered, assigned bus number 1\r\n[    1.486609] uhci_hcd 0000:00:01.2: irq 11, io base 0x0000c020\r\n[    1.487380] usb usb1: configuration #1 chosen from 1 choice\r\n[    1.488172] hub 1-0:1.0: USB hub found\r\n[    1.488625] hub 1-0:1.0: 2 ports detected\r\n[    1.489290] usbcore: registered new interface driver libusual\r\n[    1.490049] usbcore: registered new interface driver usbserial\r\n[    1.490791] USB Serial support registered for generic\r\n[    1.491455] usbcore: registered new interface driver usbserial_generic\r\n[    1.492298] usbserial: USB Serial Driver core\r\n[    1.492837] PNP: PS/2 Controller [PNP0303:KBD,PNP0f13:MOU] at 0x60,0x64 irq 1,12\r\n[    1.494236] serio: i8042 KBD port at 0x60,0x64 irq 1\r\n[    1.494831] serio: i8042 AUX port at 0x60,0x64 irq 12\r\n[    1.505187] mice: PS/2 mouse device common for all mice\r\n[    1.529212] rtc_cmos 00:01: RTC can wake from S4\r\n[    1.529812] rtc_cmos 00:01: rtc core: registered rtc_cmos as rtc0\r\n[    1.530824] rtc0: alarms up to one day, 114 bytes nvram\r\n[    1.531700] device-mapper: uevent: version 1.0.3\r\n[    1.532717] input: AT Translated Set 2 keyboard as /devices/platform/i8042/serio0/input/input2\r\n[    1.533863] device-mapper: ioctl: 4.14.0-ioctl (2008-04-23) initialised: dm-devel@redhat.com\r\n[    1.535146] device-mapper: multipath: version 1.0.5 loaded\r\n[    1.535875] device-mapper: multipath round-robin: version 1.0.0 loaded\r\n[    1.536887] cpuidle: using governor ladder\r\n[    1.537427] cpuidle: using governor menu\r\n[    1.538214] TCP cubic registered\r\n[    1.538695] NET: Registered protocol family 10\r\n[    1.539490] lo: Disabled Privacy Extensions\r\n[    1.540216] NET: Registered protocol family 17\r\n[    1.540804] Bluetooth: L2CAP ver 2.11\r\n[    1.541268] Bluetooth: L2CAP socket layer initialized\r\n[    1.541916] Bluetooth: SCO (Voice Link) ver 0.6\r\n[    1.542457] Bluetooth: SCO socket layer initialized\r\n[    1.543144] Bluetooth: RFCOMM socket layer initialized\r\n[    1.543800] Bluetooth: RFCOMM TTY layer initialized\r\n[    1.544402] Bluetooth: RFCOMM ver 1.10\r\n[    1.545041] registered taskstats version 1\r\n[    1.545588]   Magic number: 12:368:81\r\n[    1.546263] rtc_cmos 00:01: setting system clock to 2012-09-18 14:03:24 UTC (1347977004)\r\n[    1.547308] BIOS EDD facility v0.16 2004-Jun-25, 0 devices found\r\n[    1.548060] EDD information not available.\r\n[    1.548593] Freeing unused kernel memory: 536k freed\r\n[    1.549339] Write protecting the kernel read-only data: 6708k\r\nLoading, please wait...\r\nCouldnt get a file descriptor referring to the console\r\nBegin: Loading essential drivers... ...\r\n[    1.623076] md: linear personality registered for level -1\r\n[    1.625594] md: multipath personality registered for level -4\r\n[    1.627935] md: raid0 personality registered for level 0\r\n[    1.631074] md: raid1 personality registered for level 1\r\n[    1.633077] xor: automatically using best checksumming function: generic_sse\r\n[    1.653014]    generic_sse:  8567.000 MB/sec\r\n[    1.653581] xor: using function: generic_sse (8567.000 MB/sec)\r\n[    1.655153] async_tx: api initialized (async)\r\n[    1.725019] raid6: int64x1   2095 MB/s\r\n[    1.793034] raid6: int64x2   2850 MB/s\r\n[    1.861039] raid6: int64x4   1967 MB/s\r\n[    1.929026] raid6: int64x8   1941 MB/s\r\n[    1.997020] raid6: sse2x1    5322 MB/s\r\n[    2.065020] raid6: sse2x2    6511 MB/s\r\n[    2.133021] raid6: sse2x4    7678 MB/s\r\n[    2.133507] raid6: using algorithm sse2x4 (7678 MB/s)\r\n[    2.134134] md: raid6 personality registered for level 6\r\n[    2.134803] md: raid5 personality registered for level 5\r\n[    2.135463] md: raid4 personality registered for level 4\r\n[    2.141124] md: raid10 personality registered for level 10\r\nDone.\r\nBegin: Running /scripts/init-premount ...\r\nDone.\r\nBegin: Mounting root file system... ...\r\nBegin: Running /scripts/local-top ...\r\nDone.\r\nBegin: Waiting for root file system... ...\r\n[    2.176534] ACPI: PCI Interrupt Link [LNKC] enabled at IRQ 10\r\n[    2.177301] virtio-pci 0000:00:03.0: PCI INT A -> Link[LNKC] -> GSI 10 (level, high) -> IRQ 10\r\n[    2.178460] virtio-pci 0000:00:04.0: PCI INT A -> Link[LNKD] -> GSI 11 (level, high) -> IRQ 11\r\n[    2.179912] ACPI: PCI Interrupt Link [LNKA] enabled at IRQ 10\r\n[    2.180631] virtio-pci 0000:00:05.0: PCI INT A -> Link[LNKA] -> GSI 10 (level, high) -> IRQ 10\r\n[    2.188328] FDC 0 is a S82078B\r\n[    2.254330]  vda: vda1 vda2 vda3\r\nDone.\r\nBegin: Running /scripts/local-premount ...\r\nBegin: Waiting for resume device... ...\r\nDone.\r\nDone.\r\n[    7.421442] kjournald starting.  Commit interval 5 seconds\r\n[    7.421499] EXT3-fs: mounted filesystem with ordered data mode.\r\nBegin: Running /scripts/local-bottom ...\r\nDone.\r\nDone.\r\nBegin: Running /scripts/init-bottom ...\r\nDone.\r\n\rINIT: version 2.86 booting\r\r\n\t\tWelcome to  CentOS release 5.8 (Final)\r\n\t\tPress 'I' to enter interactive startup.\r\nSetting clock : Tue Sep 18 14:03:31 EDT 2012 [  OK  ]\r\r\nStarting udev: udevd-event[929]: wait_for_sysfs: waiting for '/sys/devices/pci0000:00/0000:00:01.1/host0/ioerr_cnt' failed\r\r\nudevd-event[930]: wait_for_sysfs: waiting for '/sys/devices/pci0000:00/0000:00:01.1/host1/ioerr_cnt' failed\r\r\n[  OK  ]\r\r\nSetting hostname localhost:  [  OK  ]\r\r\nNo devices found\r\nSetting up Logical Volume Management:   No volume groups found\r\n[  OK  ]\r\r\nChecking filesystems\r\nChecking all file systems.\r\n[  OK  ]\r\r\nRemounting root filesystem in read-write mode:  [  OK  ]\r\r\nMounting local filesystems:  mount: special device /dev/sda2 does not exist\r\n[FAILED]\r\r\nEnabling /etc/fstab swaps:  [  OK  ]\r\n\rINIT: Entering runlevel: 3\r\r\nEntering non-interactive startup\r\nStarting iSCSI daemon: [  OK  ]\r[  OK  ]\r\r\n[  OK  ]\r\r\nBringing up loopback interface:  [  OK  ]\r\r\nBringing up interface eth0:  \r\nDetermining IP information for eth0...cp: cannot stat `/etc/resolv.conf': No such file or directory\r\n done.\r\n[  OK  ]\r\r\nStarting system logger: [  OK  ]\r\r\nStarting kernel logger: [  OK  ]\r\r\niscsid (pid  1691) is running...\r\nSetting up iSCSI targets: iscsiadm: No records found\r\n[  OK  ]\r\r\nGenerating SSH1 RSA host key: [  OK  ]\r\r\nGenerating SSH2 RSA host key: [  OK  ]\r\r\nGenerating SSH2 DSA host key: [  OK  ]\r\r\nStarting sshd: [  OK  ]\r\r\nStarting exim: [  OK  ]\r\r\n[   16.607096] depmod invoked oom-killer: gfp_mask=0x1201d2, order=0, oomkilladj=0\r\n[   16.608037] Pid: 1950, comm: depmod Not tainted 2.6.28-11-generic #42-Ubuntu\r\n[   16.608930] Call Trace:\r\n[   16.609240]  [<ffffffff802b37c5>] oom_kill_process+0x95/0x240\r\n[   16.609925]  [<ffffffff802b3f7f>] ? select_bad_process+0xef/0x130\r\n[   16.610671]  [<ffffffff802b4074>] out_of_memory+0xb4/0x150\r\n[   16.611335]  [<ffffffff802b6be9>] __alloc_pages_internal+0x4b9/0x500\r\n[   16.612110]  [<ffffffff802b9a3a>] __do_page_cache_readahead+0xda/0x210\r\n[   16.612942]  [<ffffffff802b9bce>] do_page_cache_readahead+0x5e/0x90\r\n[   16.613702]  [<ffffffff802b1f8a>] filemap_fault+0x34a/0x430\r\n[   16.614380]  [<ffffffff802c5ea0>] __do_fault+0x50/0x4f0\r\n[   16.615006]  [<ffffffff802b218f>] ? do_generic_file_read+0x11f/0x4a0\r\n[   16.615770]  [<ffffffff802c6ff9>] handle_mm_fault+0x1e9/0x470\r\n[   16.616486]  [<ffffffff806a1387>] do_page_fault+0x307/0x780\r\n[   16.617161]  [<ffffffff802c9ec6>] ? vma_adjust+0x266/0x4e0\r\n[   16.617815]  [<ffffffff80268930>] ? autoremove_wake_function+0x0/0x40\r\n[   16.618588]  [<ffffffff802ca45a>] ? vma_merge+0x1aa/0x290\r\n[   16.619376]  [<ffffffff802e73e9>] ? fsnotify_access+0x69/0x80\r\n[   16.620078]  [<ffffffff802e815a>] ? vfs_read+0xda/0x130\r\n[   16.620711]  [<ffffffff8069e96a>] error_exit+0x0/0x70\r\n[   16.621319] DMA per-cpu:\r\n[   16.621628] CPU    0: hi:    0, btch:   1 usd:   0\r\n[   16.622206] CPU    1: hi:    0, btch:   1 usd:   0\r\n[   16.622778] DMA32 per-cpu:\r\n[   16.623106] CPU    0: hi:   42, btch:   7 usd:  35\r\n[   16.623724] CPU    1: hi:   42, btch:   7 usd:  37\r\n[   16.624320] Active_anon:9070 active_file:15 inactive_anon:9092\r\n[   16.624321]  inactive_file:8 unevictable:7049 dirty:7 writeback:2 unstable:0\r\n[   16.624322]  free:506 slab:1554 mapped:537 pagetables:229 bounce:0\r\n[   16.626594] DMA free:500kB min:60kB low:72kB high:88kB active_anon:2944kB inactive_anon:3056kB active_file:16kB inactive_file:32kB unevictable:0kB present:5496kB pages_scanned:10250 all_unreclaimable? yes\r\n[   16.628757] lowmem_reserve[]: 0 110 110 110\r\n[   16.629448] DMA32 free:1524kB min:1312kB low:1640kB high:1968kB active_anon:33408kB inactive_anon:33296kB active_file:44kB inactive_file:0kB unevictable:28196kB present:113108kB pages_scanned:83490 all_unreclaimable? no\r\n[   16.631747] lowmem_reserve[]: 0 0 0 0\r\n[   16.632279] DMA: 5*4kB 2*8kB 1*16kB 4*32kB 5*64kB 0*128kB 0*256kB 0*512kB 0*1024kB 0*2048kB 0*4096kB = 500kB\r\n[   16.633607] DMA32: 56*4kB 4*8kB 2*16kB 1*32kB 1*64kB 1*128kB 0*256kB 0*512kB 1*1024kB 0*2048kB 0*4096kB = 1536kB\r\n[   16.634965] 572 total pagecache pages\r\n[   16.635406] 0 pages in swap cache\r\n[   16.635801] Swap cache stats: add 0, delete 0, find 0/0\r\n[   16.636441] Free swap  = 0kB\r\n[   16.636792] Total swap = 0kB\r\n[   16.637401] Out of memory: kill process 1945 (exim) score 19971 or a child\r\n[   16.638225] Killed process 1945 (exim)\r\n[   16.707229] depmod invoked oom-killer: gfp_mask=0x1201d2, order=0, oomkilladj=0\r\n[   16.708129] Pid: 1950, comm: depmod Not tainted 2.6.28-11-generic #42-Ubuntu\r\n[   16.708963] Call Trace:\r\n[   16.709289]  [<ffffffff802b37c5>] oom_kill_process+0x95/0x240\r\n[   16.709975]  [<ffffffff802b3f7f>] ? select_bad_process+0xef/0x130\r\n[   16.710704]  [<ffffffff802b4074>] out_of_memory+0xb4/0x150\r\n[   16.711361]  [<ffffffff802b6be9>] __alloc_pages_internal+0x4b9/0x500\r\n[   16.712120]  [<ffffffff802b9a3a>] __do_page_cache_readahead+0xda/0x210\r\n[   16.712889]  [<ffffffff802b9bce>] do_page_cache_readahead+0x5e/0x90\r\n[   16.713657]  [<ffffffff802b1f8a>] filemap_fault+0x34a/0x430\r\n[   16.714330]  [<ffffffff802c5ea0>] __do_fault+0x50/0x4f0\r\n[   16.714950]  [<ffffffff802b218f>] ? do_generic_file_read+0x11f/0x4a0\r\n[   16.715710]  [<ffffffff802c6ff9>] handle_mm_fault+0x1e9/0x470\r\n[   16.716400]  [<ffffffff806a1387>] do_page_fault+0x307/0x780\r\n[   16.717078]  [<ffffffff80268930>] ? autoremove_wake_function+0x0/0x40\r\n[   16.717855]  [<ffffffff803f5ee3>] ? apparmor_file_permission+0x23/0x30\r\n[   16.718641]  [<ffffffff803d07d1>] ? security_file_permission+0x11/0x20\r\n[   16.719423]  [<ffffffff802e8148>] ? vfs_read+0xc8/0x130\r\n[   16.720047]  [<ffffffff8069e96a>] error_exit+0x0/0x70\r\n[   16.720656] DMA per-cpu:\r\n[   16.720964] CPU    0: hi:    0, btch:   1 usd:   0\r\n[   16.721558] CPU    1: hi:    0, btch:   1 usd:   0\r\n[   16.722135] DMA32 per-cpu:\r\n[   16.722462] CPU    0: hi:   42, btch:   7 usd:   1\r\n[   16.723044] CPU    1: hi:   42, btch:   7 usd:  40\r\n[   16.723624] Active_anon:9198 active_file:16 inactive_anon:9117\r\n[   16.723625]  inactive_file:16 unevictable:7049 dirty:0 writeback:2 unstable:0\r\n[   16.723625]  free:457 slab:1544 mapped:530 pagetables:194 bounce:0\r\n[   16.725918] DMA free:500kB min:60kB low:72kB high:88kB active_anon:2944kB inactive_anon:3056kB active_file:16kB inactive_file:60kB unevictable:0kB present:5496kB pages_scanned:10250 all_unreclaimable? yes\r\n[   16.728059] lowmem_reserve[]: 0 110 110 110\r\n[   16.728633] DMA32 free:1328kB min:1312kB low:1640kB high:1968kB active_anon:33848kB inactive_anon:33412kB active_file:48kB inactive_file:4kB unevictable:28196kB present:113108kB pages_scanned:16800 all_unreclaimable? no\r\n[   16.730944] lowmem_reserve[]: 0 0 0 0\r\n[   16.731459] DMA: 5*4kB 2*8kB 1*16kB 4*32kB 5*64kB 0*128kB 0*256kB 0*512kB 0*1024kB 0*2048kB 0*4096kB = 500kB\r\n[   16.732776] DMA32: 13*4kB 1*8kB 1*16kB 1*32kB 1*64kB 1*128kB 0*256kB 0*512kB 1*1024kB 0*2048kB 0*4096kB = 1324kB\r\n[   16.734154] 593 total pagecache pages\r\n[   16.734592] 0 pages in swap cache\r\n[   16.734990] Swap cache stats: add 0, delete 0, find 0/0\r\n[   16.735616] Free swap  = 0kB\r\n[   16.735963] Total swap = 0kB\r\n[   16.736569] Out of memory: kill process 1950 (depmod) score 1529 or a child\r\n[   16.737422] Killed process 1950 (depmod)\r\n/etc/rc3.d/S99local: line 8:  1950 Killed                  depmod -a\r\n[   16.756848] acpiphp_glue: can't get bus number, assuming 0\r\n[   16.757713] decode_hpp: Could not get hotplug parameters. Use defaults\r\nAUTHORIZED_KEYS:\r\n************************\r\nssh-rsa AAAAB3NzaC1yc2EAAAADAQABAAABAQCpTZHJ9uI3EyZSIsDQOQL4OhxczLpSluCjtjaDbr69fm3MRWUCD0wRIhwSDHe/g4RJtZV4uYHwO4k/8U94QopmSlGWxS22aKaXABSkFbNOG6xm7gx3g+4cl1PrRuiQDVir0LokvjZras+oUNk6BTnLzZ9djpAaTOQt4dqCEe/g2Z7k35YKzeDjN3MVH7MaVBuFmjvcwVHdwTIlUM+Z8Lnt2XaeSe63JKMOTVopGasLIeWncze8Itypbhg2mDXWsh2OHS1cw+8EMrrjAx9C48laHA5W1lwP7siGFpjcHNEedyYxmhAzsb46Y9jamrdbwaIzA/zr4HwIriOvvpbz8UAL 405758353540@eucalyptus.dakkey\r\nssh-rsa AAAAB3NzaC1yc2EAAAADAQABAAABAQCpTZHJ9uI3EyZSIsDQOQL4OhxczLpSluCjtjaDbr69fm3MRWUCD0wRIhwSDHe/g4RJtZV4uYHwO4k/8U94QopmSlGWxS22aKaXABSkFbNOG6xm7gx3g+4cl1PrRuiQDVir0LokvjZras+oUNk6BTnLzZ9djpAaTOQt4dqCEe/g2Z7k35YKzeDjN3MVH7MaVBuFmjvcwVHdwTIlUM+Z8Lnt2XaeSe63JKMOTVopGasLIeWncze8Itypbhg2mDXWsh2OHS1cw+8EMrrjAx9C48laHA5W1lwP7siGFpjcHNEedyYxmhAzsb46Y9jamrdbwaIzA/zr4HwIriOvvpbz8UAL 405758353540@eucalyptus.dakkey\r\n************************\r\n  % Total    % Received % Xferd  Average Speed   Time    Time     Time  Current\r\n                                 Dload  Upload   Total   Spent    Left  Speed\r\n\r100   385  100   385    0     0   5588      0 --:--:-- --:--:-- --:--:--  5588\r100   385  100   385    0     0   5506      0 --:--:-- --:--:-- --:--:--     0\r\nDownloaded user data in /tmp/user-data-1949\r\n\rINIT: Id \"xvc0\" respawning too fast: disabled for 5 minutes\r\r\n\rINIT: Id \"xvc0\" respawning too fast: disabled for 5 minutes\r\r\n\rINIT: Id \"xvc0\" respawning too fast: disabled for 5 minutes\r\r\n\rINIT: Id \"xvc0\" respawning too fast: disabled for 5 minutes\r\r\n\rINIT: Id \"xvc0\" respawning too fast: disabled for 5 minutes\r\r\n\rINIT: Id \"xvc0\" respawning too fast: disabled for 5 minutes\r\r\n\rINIT: Id \"xvc0\" respawning too fast: disabled for 5 minutes\r\r\n\rINIT: Id \"xvc0\" respawning too fast: disabled for 5 minutes\r\r\n\rINIT: Id \"xvc0\" respawning too fast: disabled for 5 minutes\r\r\n\rINIT: Id \"xvc0\" respawning too fast: disabled for 5 minutes\r\r\n\rINIT: Id \"xvc0\" respawning too fast: disabled for 5 minutes\r\r\n\rINIT: Id \"xvc0\" respawning too fast: disabled for 5 minutes\r\r\n\rINIT: Id \"xvc0\" respawning too fast: disabled for 5 minutes\r\r\n\rINIT: Id \"xvc0\" respawning too fast: disabled for 5 minutes\r\r\n\rINIT: Id \"xvc0\" respawning too fast: disabled for 5 minutes\r\r\n\rINIT: Id \"xvc0\" respawning too fast: disabled for 5 minutes\r\r\n\rINIT: Id \"xvc0\" respawning too fast: disabled for 5 minutes\r\r\n\rINIT: Id \"xvc0\" respawning too fast: disabled for 5 minutes\r\r\n\rINIT: Id \"xvc0\" respawning too fast: disabled for 5 minutes\r\r\n\rINIT: Id \"xvc0\" respawning too fast: disabled for 5 minutes\r\r\n\rINIT: Id \"xvc0\" respawning too fast: disabled for 5 minutes\r\r\n\rINIT: Id \"xvc0\" respawning too fast: disabled for 5 minutes\r\r\n\rINIT: Id \"xvc0\" respawning too fast: disabled for 5 minutes\r\r\n\rINIT: Id \"xvc0\" respawning too fast: disabled for 5 minutes\r\r\n\rINIT: Id \"xvc0\" respawning too fast: disabled for 5 minutes\r\r\n\rINIT: Id \"xvc0\" respawning too fast: disabled for 5 minutes\r\r\n\rINIT: Id \"xvc0\" respawning too fast: disabled for 5 minutes\r\r\n\rINIT: Id \"xvc0\" respawning too fast: disabled for 5 minutes\r\r\n\rINIT: Id \"xvc0\" respawning too fast: disabled for 5 minutes\r\r\n\rINIT: Id \"xvc0\" respawning too fast: disabled for 5 minutes\r\r\n\rINIT: Id \"xvc0\" respawning too fast: disabled for 5 minutes\r\r\n\rINIT: Id \"xvc0\" respawning too fast: disabled for 5 minutes\r\r\n\rINIT: Id \"xvc0\" respawning too fast: disabled for 5 minutes\r\r\n\rINIT: Id \"xvc0\" respawning too fast: disabled for 5 minutes\r\r\n\rINIT: Id \"xvc0\" respawning too fast: disabled for 5 minutes\r\r\n\rINIT: Id \"xvc0\" respawning too fast: disabled for 5 minutes\r\r\n\rINIT: Id \"xvc0\" respawning too fast: disabled for 5 minutes\r\r\n\rINIT: Id \"xvc0\" respawning too fast: disabled for 5 minutes\r\r\n\rINIT: Id \"xvc0\" respawning too fast: disabled for 5 minutes\r\r\n\rINIT: Id \"xvc0\" respawning too fast: disabled for 5 minutes\r\r\n\rINIT: Id \"xvc0\" respawning too fast: disabled for 5 minutes\r\r\n\rINIT: Id \"xvc0\" respawning too fast: disabled for 5 minutes\r\r\n\rINIT: Id \"xvc0\" respawning too fast: disabled for 5 minutes\r\r\n\rINIT: Id \"xvc0\" respawning too fast: disabled for 5 minutes\r\r\n\rINIT: Id \"xvc0\" respawning too fast: disabled for 5 minutes\r\r\n\rINIT: Id \"xvc0\" respawning too fast: disabled for 5 minutes\r\r\n\rINIT: Id \"xvc0\" respawning too fast: disabled for 5 minutes\r\r\n\rINIT: Id \"xvc0\" respawning too fast: disabled for 5 minutes\r\r\n\rINIT: Id \"xvc0\" respawning too fast: disabled for 5 minutes\r\r\n\rINIT: Id \"xvc0\" respawning too fast: disabled for 5 minutes\r\r\n\rINIT: Id \"xvc0\" respawning too fast: disabled for 5 minutes\r\r\n\rINIT: Id \"xvc0\" respawning too fast: disabled for 5 minutes\r\r\n\rINIT: Id \"xvc0\" respawning too fast: disabled for 5 minutes\r\r\n\rINIT: Id \"xvc0\" respawning too fast: disabled for 5 minutes\r\r\n\rINIT: Id \"xvc0\" respawning too fast: disabled for 5 minutes\r\r\n\rINIT: Id \"xvc0\" respawning too fast: disabled for 5 minutes\r\r\n\rINIT: Id \"xvc0\" respawning too fast: disabled for 5 minutes\r\r\n\rINIT: Id \"xvc0\" respawning too fast: disabled for 5 minutes\r\r\n\rINIT: Id \"xvc0\" respawning too fast: disabled for 5 minutes\r\r\n\rINIT: Id \"xvc0\" respawning too fast: disabled for 5 minutes\r\r\n\rINIT: Id \"xvc0\" respawning too fast: disabled for 5 minutes\r\r\n\rINIT: Id \"xvc0\" respawning too fast: disabled for 5 minutes\r\r\n\rINIT: Id \"xvc0\" respawning too fast: disabled for 5 minutes\r\r\n\rINIT: Id \"xvc0\" respawning too fast: disabled for 5 minutes\r\r\n\rINIT: Id \"xvc0\" respawning too fast: disabled for 5 minutes\r\r\n\rINIT: Id \"xvc0\" respawning too fast: disabled for 5 minutes\r\r\n\rINIT: Id \"xvc0\" respawning too fast: disabled for 5 minutes\r\r\n\rINIT: Id \"xvc0\" respawning too fast: disabled for 5 minutes\r\r\n\rINIT: Id \"xvc0\" respawning too fast: disabled for 5 minutes\r\r\n\rINIT: Id \"xvc0\" respawning too fast: disabled for 5 minutes\r\r\n\rINIT: Id \"xvc0\" respawning too fast: disabled for 5 minutes\r\r\n\rINIT: Id \"xvc0\" respawning too fast: disabled for 5 minutes\r\r\n\rINIT: Id \"xvc0\" respawning too fast: disabled for 5 minutes\r\r\n\rINIT: Id \"xvc0\" respawning too fast: disabled for 5 minutes\r\r\n\rINIT: Id \"xvc0\" respawning too fast: disabled for 5 minutes\r\r\n\rINIT: Id \"xvc0\" respawning too fast: disabled for 5 minutes\r\r\n\rINIT: Id \"xvc0\" respawning too fast: disabled for 5 minutes\r\r\n\rINIT: Id \"xvc0\" respawning too fast: disabled for 5 minutes\r\r\n\rINIT: Id \"xvc0\" respawning too fast: disabled for 5 minutes\r\r\n\rINIT: Id \"xvc0\" respawning too fast: disabled for 5 minutes\r\r\n\rINIT: Id \"xvc0\" respawning too fast: disabled for 5 minutes\r\r\n\rINIT: Id \"xvc0\" respawning too fast: disabled for 5 minutes\r\r\n\rINIT: Id \"xvc0\" respawning too fast: disabled for 5 minutes\r\r\n\rINIT: Id \"xvc0\" respawning too fast: disabled for 5 minutes\r\r\n\rINIT: Id \"xvc0\" respawning too fast: disabled for 5 minutes\r\r\n\rINIT: Id \"xvc0\" respawning too fast: disabled for 5 minutes\r\r\n\rINIT: Id \"xvc0\" respawning too fast: disabled for 5 minutes\r\r\n\rINIT: Id \"xvc0\" respawning too fast: disabled for 5 minutes\r\r\n\rINIT: Id \"xvc0\" respawning too fast: disabled for 5 minutes\r\r\n\rINIT: Id \"xvc0\" respawning too fast: disabled for 5 minutes\r\r\n\rINIT: Id \"xvc0\" respawning too fast: disabled for 5 minutes\r\r\n\rINIT: Id \"xvc0\" respawning too fast: disabled for 5 minutes\r\r\n\rINIT: Id \"xvc0\" respawning too fast: disabled for 5 minutes\r\r\n\rINIT: Id \"xvc0\" respawning too fast: disabled for 5 minutes\r\r\n\rINIT: Id \"xvc0\" respawning too fast: disabled for 5 minutes\r\r\n\rINIT: Id \"xvc0\" respawning too fast: disabled for 5 minutes\r\r\n\rINIT: Id \"xvc0\" respawning too fast: disabled for 5 minutes\r\r\n\rINIT: Id \"xvc0\" respawning too fast: disabled for 5 minutes\r\r\n\rINIT: Id \"xvc0\" respawning too fast: disabled for 5 minutes\r\r\n\rINIT: Id \"xvc0\" respawning too fast: disabled for 5 minutes\r\r\n\rINIT: Id \"xvc0\" respawning too fast: disabled for 5 minutes\r\r\n\rINIT: Id \"xvc0\" respawning too fast: disabled for 5 minutes\r\r\n\rINIT: Id \"xvc0\" respawning too fast: disabled for 5 minutes\r\r\n\rINIT: Id \"xvc0\" respawning too fast: disabled for 5 minutes\r\r\n\rINIT: Id \"xvc0\" respawning too fast: disabled for 5 minutes\r\r\n\rINIT: Id \"xvc0\" respawning too fast: disabled for 5 minutes\r\r\n\rINIT: Id \"xvc0\" respawning too fast: disabled for 5 minutes\r\r\n\rINIT: Id \"xvc0\" respawning too fast: disabled for 5 minutes\r\r\n\rINIT: Id \"xvc0\" respawning too fast: disabled for 5 minutes\r\r\n\rINIT: Id \"xvc0\" respawning too fast: disabled for 5 minutes\r\r\n\rINIT: Id \"xvc0\" respawning too fast: disabled for 5 minutes\r\r\n\rINIT: Id \"xvc0\" respawning too fast: disabled for 5 minutes\r\r\n\rINIT: Id \"xvc0\" respawning too fast: disabled for 5 minutes\r\r\n\rINIT: Id \"xvc0\" respawning too fast: disabled for 5 minutes\r\r\n\rINIT: Id \"xvc0\" respawning too fast: disabled for 5 minutes\r\r\n\rINIT: Id \"xvc0\" respawning too fast: disabled for 5 minutes\r\r\n\rINIT: Id \"xvc0\" respawning too fast: disabled for 5 minutes\r\r\n\rINIT: Id \"xvc0\" respawning too fast: disabled for 5 minutes\r\r\n\rINIT: Id \"xvc0\" respawning too fast: disabled for 5 minutes\r\r\n\rINIT: Id \"xvc0\" respawning too fast: disabled for 5 minutes\r\r\n\rINIT: Id \"xvc0\" respawning too fast: disabled for 5 minutes\r\r\n\rINIT: Id \"xvc0\" respawning too fast: disabled for 5 minutes\r\r\n\rINIT: Id \"xvc0\" respawning too fast: disabled for 5 minutes\r\r\n\rINIT: Id \"xvc0\" respawning too fast: disabled for 5 minutes\r\r\n\rINIT: Id \"xvc0\" respawning too fast: disabled for 5 minutes\r\r\n\rINIT: Id \"xvc0\" respawning too fast: disabled for 5 minutes\r\r\n\rINIT: Id \"xvc0\" respawning too fast: disabled for 5 minutes\r\r\n\rINIT: Id \"xvc0\" respawning too fast: disabled for 5 minutes\r\r\n\rINIT: Id \"xvc0\" respawning too fast: disabled for 5 minutes\r\r\n\rINIT: Id \"xvc0\" respawning too fast: disabled for 5 minutes\r\r\n\rINIT: Id \"xvc0\" respawning too fast: disabled for 5 minutes\r\r\n\rINIT: Id \"xvc0\" respawning too fast: disabled for 5 minutes\r\r\n\rINIT: Id \"xvc0\" respawning too fast: disabled for 5 minutes\r\r\n\rINIT: Id \"xvc0\" respawning too fast: disabled for 5 minutes\r\r\n\rINIT: Id \"xvc0\" respawning too fast: disabled for 5 minutes\r\r\n\rINIT: Id \"xvc0\" respawning too fast: disabled for 5 minutes\r\r\n\rINIT: Id \"xvc0\" respawning too fast: disabled for 5 minutes\r\r\n\rINIT: Id \"xvc0\" respawning too fast: disabled for 5 minutes\r\r\n\rINIT: Id \"xvc0\" respawning too fast: disabled for 5 minutes\r\r\n\rINIT: Id \"xvc0\" respawning too fast: disabled for 5 minutes\r\r\n\rINIT: Id \"xvc0\" respawning too fast: disabled for 5 minutes\r\r\n\rINIT: Id \"xvc0\" respawning too fast: disabled for 5 minutes\r\r\n\rINIT: Id \"xvc0\" respawning too fast: disabled for 5 minutes\r\r\n\rINIT: Id \"xvc0\" respawning too fast: disabled for 5 minutes\r\r\n\rINIT: Id \"xvc0\" respawning too fast: disabled for 5 minutes\r\r\n\rINIT: Id \"xvc0\" respawning too fast: disabled for 5 minutes\r\r\n\rINIT: Id \"xvc0\" respawning too fast: disabled for 5 minutes\r\r\n\rINIT: Id \"xvc0\" respawning too fast: disabled for 5 minutes\r\r\n\rINIT: Id \"xvc0\" respawning too fast: disabled for 5 minutes\r\r\n\rINIT: Id \"xvc0\" respawning too fast: disabled for 5 minutes\r\r\n\rINIT: Id \"xvc0\" respawning too fast: disabled for 5 minutes\r\r\n\rINIT: Id \"xvc0\" respawning too fast: disabled for 5 minutes\r\r\n\rINIT: Id \"xvc0\" respawning too fast: disabled for 5 minutes\r\r\n\rINIT: Id \"xvc0\" respawning too fast: disabled for 5 minutes\r\r\n\rINIT: Id \"xvc0\" respawning too fast: disabled for 5 minutes\r\r\n\rINIT: Id \"xvc0\" respawning too fast: disabled for 5 minutes\r\r\n\rINIT: Id \"xvc0\" respawning too fast: disabled for 5 minutes\r\r\n\rINIT: Id \"xvc0\" respawning too fast: disabled for 5 minutes\r\r\n\rINIT: Id \"xvc0\" respawning too fast: disabled for 5 minutes\r\r\n\rINIT: Id \"xvc0\" respawning too fast: disabled for 5 minutes\r\r\n\rINIT: Id \"xvc0\" respawning too fast: disabled for 5 minutes\r\r\n\rINIT: Id \"xvc0\" respawning too fast: disabled for 5 minutes\r\r\n\rINIT: Id \"xvc0\" respawning too fast: disabled for 5 minutes\r\r\n\rINIT: Id \"xvc0\" respawning too fast: disabled for 5 minutes\r\r\n\rINIT: Id \"xvc0\" respawning too fast: disabled for 5 minutes\r\r\n\rINIT: Id \"xvc0\" respawning too fast: disabled for 5 minutes\r\r\n\rINIT: Id \"xvc0\" respawning too fast: disabled for 5 minutes\r\r\n\rINIT: Id \"xvc0\" respawning too fast: disabled for 5 minutes\r\r\n\rINIT: Id \"xvc0\" respawning too fast: disabled for 5 minutes\r\r\n\rINIT: Id \"xvc0\" respawning too fast: disabled for 5 minutes\r\r\n\rINIT: Id \"xvc0\" respawning too fast: disabled for 5 minutes\r\r\n\rINIT: Id \"xvc0\" respawning too fast: disabled for 5 minutes\r\r\n\rINIT: Id \"xvc0\" respawning too fast: disabled for 5 minutes\r\r\n\rINIT: Id \"xvc0\" respawning too fast: disabled for 5 minutes\r\r\n\rINIT: Id \"xvc0\" respawning too fast: disabled for 5 minutes\r\r\n\rINIT: Id \"xvc0\" respawning too fast: disabled for 5 minutes\r\r\n\rINIT: Id \"xvc0\" respawning too fast: disabled for 5 minutes\r\r\n\rINIT: Id \"xvc0\" respawning too fast: disabled for 5 minutes\r\r\n\rINIT: Id \"xvc0\" respawning too fast: disabled for 5 minutes\r\r\n\rINIT: Id \"xvc0\" respawning too fast: disabled for 5 minutes\r\r\n\rINIT: Id \"xvc0\" respawning too fast: disabled for 5 minutes\r\r\n\rINIT: Id \"xvc0\" respawning too fast: disabled for 5 minutes\r\r\n\rINIT: Id \"xvc0\" respawning too fast: disabled for 5 minutes\r\r\n\rINIT: Id \"xvc0\" respawning too fast: disabled for 5 minutes\r\r\n\rINIT: Id \"xvc0\" respawning too fast: disabled for 5 minutes\r\r\n\rINIT: Id \"xvc0\" respawning too fast: disabled for 5 minutes\r\r\n\rINIT: Id \"xvc0\" respawning too fast: disabled for 5 minutes\r\r\n\rINIT: Id \"xvc0\" respawning too fast: disabled for 5 minutes\r\r\n\rINIT: Id \"xvc0\" respawning too fast: disabled for 5 minutes\r\r\n\rINIT: Id \"xvc0\" respawning too fast: disabled for 5 minutes\r\r\n\rINIT: Id \"xvc0\" respawning too fast: disabled for 5 minutes\r\r\n\rINIT: Id \"xvc0\" respawning too fast: disabled for 5 minutes\r\r\n\rINIT: Id \"xvc0\" respawning too fast: disabled for 5 minutes\r\r\n\rINIT: Id \"xvc0\" respawning too fast: disabled for 5 minutes\r\r\n\rINIT: Id \"xvc0\" respawning too fast: disabled for 5 minutes\r\r\n\rINIT: Id \"xvc0\" respawning too fast: disabled for 5 minutes\r\r\n\rINIT: Id \"xvc0\" respawning too fast: disabled for 5 minutes\r\r\n\rINIT: Id \"xvc0\" respawning too fast: disabled for 5 minutes\r\r\n\rINIT: Id \"xvc0\" respawning too fast: disabled for 5 minutes\r\r\n\rINIT: Id \"xvc0\" respawning too fast: disabled for 5 minutes\r\r\n\rINIT: Id \"xvc0\" respawning too fast: disabled for 5 minutes\r\r\n\rINIT: Id \"xvc0\" respawning too fast: disabled for 5 minutes\r\r\n\rINIT: Id \"xvc0\" respawning too fast: disabled for 5 minutes\r\r\n\rINIT: Id \"xvc0\" respawning too fast: disabled for 5 minutes\r\r\n\rINIT: Id \"xvc0\" respawning too fast: disabled for 5 minutes\r\r\n\rINIT: Id \"xvc0\" respawning too fast: disabled for 5 minutes\r\r\n\rINIT: Id \"xvc0\" respawning too fast: disabled for 5 minutes\r\r\n\rINIT: Id \"xvc0\" respawning too fast: disabled for 5 minutes\r\r\n\rINIT: Id \"xvc0\" respawning too fast: disabled for 5 minutes\r\r\n\rINIT: Id \"xvc0\" respawning too fast: disabled for 5 minutes\r\r\n\rINIT: Id \"xvc0\" respawning too fast: disabled for 5 minutes\r\r\n\rINIT: Id \"xvc0\" respawning too fast: disabled for 5 minutes\r\r\n\rINIT: Id \"xvc0\" respawning too fast: disabled for 5 minutes\r\r\n\rINIT: Id \"xvc0\" respawning too fast: disabled for 5 minutes\r\r\n\rINIT: Id \"xvc0\" respawning too fast: disabled for 5 minutes\r\r\n\rINIT: Id \"xvc0\" respawning too fast: disabled for 5 minutes\r\r\n\rINIT: Id \"xvc0\" respawning too fast: disabled for 5 minutes\r\r\n\rINIT: Id \"xvc0\" respawning too fast: disabled for 5 minutes\r\r\n\rINIT: Id \"xvc0\" respawning too fast: disabled for 5 minutes\r\r\n\rINIT: Id \"xvc0\" respawning too fast: disabled for 5 minutes\r\r\n\rINIT: Id \"xvc0\" respawning too fast: disabled for 5 minutes\r\r\n\rINIT: Id \"xvc0\" respawning too fast: disabled for 5 minutes\r\r\n\rINIT: Id \"xvc0\" respawning too fast: disabled for 5 minutes\r\r\n\rINIT: Id \"xvc0\" respawning too fast: disabled for 5 minutes\r\r\n\rINIT: Id \"xvc0\" respawning too fast: disabled for 5 minutes\r\r\n\rINIT: Id \"xvc0\" respawning too fast: disabled for 5 minutes\r\r\n\rINIT: Id \"xvc0\" respawning too fast: disabled for 5 minutes\r\r\n\rINIT: Id \"xvc0\" respawning too fast: disabled for 5 minutes\r\r\n\rINIT: Id \"xvc0\" respawning too fast: disabled for 5 minutes\r\r\n\rINIT: Id \"xvc0\" respawning too fast: disabled for 5 minutes\r\r\n\rINIT: Id \"xvc0\" respawning too fast: disabled for 5 minutes\r\r\n\rINIT: Id \"xvc0\" respawning too fast: disabled for 5 minutes\r\r\n\rINIT: Id \"xvc0\" respawning too fast: disabled for 5 minutes\r\r\n\rINIT: Id \"xvc0\" respawning too fast: disabled for 5 minutes\r\r\n\rINIT: Id \"xvc0\" respawning too fast: disabled for 5 minutes\r\r\n"
}